[backblue.gif]
[fade.gif]
[index.html]
[luma.humatheme.com/public/images/photodune-4161018-group-of-students-m.jpg]
[luma.humatheme.com/public/images/paths/sketch_430x168.png]
[luma.humatheme.com/public/images/256_luke-porter-261779-unsplash.jpg]
[luma.humatheme.com/public/images/paths/invision_430x168.png]
[luma.humatheme.com/public/images/256_michael-dam-258165-unsplash.jpg]
[luma.humatheme.com/public/images/paths/photoshop_430x168.png]
[luma.humatheme.com/public/images/256_rsz_1andy-lee-642320-unsplash.jpg]
[luma.humatheme.com/public/images/paths/invision_200x168.png]
[luma.humatheme.com/public/images/paths/react_40x40@2x.png]
[luma.humatheme.com/public/images/paths/devops_40x40@2x.png]
[luma.humatheme.com/public/images/paths/redis_40x40@2x.png]
[luma.humatheme.com/public/images/paths/mailchimp_40x40@2x.png]
[luma.humatheme.com/public/images/paths/swift_40x40@2x.png]
[luma.humatheme.com/public/images/paths/wordpress_40x40@2x.png]
[luma.humatheme.com/public/images/paths/sketch_40x40@2x.png]
[luma.humatheme.com/public/images/paths/flinto_430x168.png]
[luma.humatheme.com/public/images/paths/flinto_40x40@2x.png]
[luma.humatheme.com/public/images/paths/photoshop_40x40@2x.png]
[luma.humatheme.com/public/images/paths/figma_430x168.png]
[luma.humatheme.com/public/images/paths/figma_40x40@2x.png]
[luma.humatheme.com/public/images/logo/black-70@2x.png]
[luma.humatheme.com/public/vendor/jquery.min.js]
[luma.humatheme.com/public/vendor/popper.min.js]
[luma.humatheme.com/public/vendor/bootstrap.min.js]
[luma.humatheme.com/public/vendor/perfect-scrollbar.min.js]
[luma.humatheme.com/public/vendor/dom-factory.js]
[luma.humatheme.com/public/vendor/material-design-kit.js]
[luma.humatheme.com/public/js/app.js]
[luma.humatheme.com/public/js/preloader.js]
[luma.humatheme.com/public/js/sidebar-mini.js]
[luma.humatheme.com/Demos/Compact_App_Layout/index.html]
[luma.humatheme.com/public/vendor/spinkit.css]
[luma.humatheme.com/public/vendor/perfect-scrollbar.css]
[luma.humatheme.com/public/css/material-icons.css]
[luma.humatheme.com/public/css/fontawesome.css]
[luma.humatheme.com/public/css/preloader.css]
[luma.humatheme.com/public/css/app.css]
[luma.humatheme.com/public/images/paths/mailchimp_430x168.png]
[luma.humatheme.com/public/images/paths/xd_430x168.png]
[luma.humatheme.com/public/images/paths/xd_40x40@2x.png]
[luma.humatheme.com/public/images/paths/invision_40x40@2x.png]
[luma.humatheme.com/public/images/paths/craft_430x168.png]
[luma.humatheme.com/public/images/paths/craft_40x40@2x.png]
[luma.humatheme.com/public/images/paths/angular_430x168.png]
[luma.humatheme.com/public/images/paths/angular_40x40@2x.png]
[luma.humatheme.com/public/images/paths/swift_430x168.png]
[luma.humatheme.com/public/images/paths/wordpress_430x168.png]
[luma.humatheme.com/public/images/paths/react_430x168.png]
[luma.humatheme.com/Demos/Compact_App_Layout/courses.html]
[luma.humatheme.com/public/images/people/50/guy-6.jpg]
[luma.humatheme.com/public/images/people/110/guy-6.jpg]
[luma.humatheme.com/Demos/Compact_App_Layout/student-course.html]
[luma.humatheme.com/public/images/people/110/woman-5.jpg]
[luma.humatheme.com/public/images/paths/angular_64x64.png]
[luma.humatheme.com/public/images/people/50/guy-3.jpg]
[luma.humatheme.com/Demos/Compact_App_Layout/student-lesson.html]
[luma.humatheme.com/Demos/Compact_App_Layout/student-take-course.html]
[luma.humatheme.com/Demos/Compact_App_Layout/student-take-lesson.html]
[luma.humatheme.com/Demos/Compact_App_Layout/student-take-quiz.html]
[luma.humatheme.com/Demos/Compact_App_Layout/student-quiz-result-details.html]
[luma.humatheme.com/public/images/achievements/flinto.png]
[luma.humatheme.com/public/images/illustration/achievement/128/white.png]
[luma.humatheme.com/public/images/achievements/angular.png]
[luma.humatheme.com/public/images/paths/typescript_200x168.png]
[luma.humatheme.com/public/images/paths/angular_200x168.png]
[luma.humatheme.com/public/js/settings.js]
[luma.humatheme.com/public/vendor/flatpickr/flatpickr.min.js]
[luma.humatheme.com/public/js/flatpickr.js]
[luma.humatheme.com/public/vendor/moment.min.js]
[luma.humatheme.com/public/vendor/moment-range.js]
[luma.humatheme.com/public/vendor/Chart.min.js]
[luma.humatheme.com/public/js/chartjs.js]
[luma.humatheme.com/public/js/page.student-dashboard.js]
[luma.humatheme.com/public/vendor/list.min.js]
[luma.humatheme.com/public/js/list.js]
[luma.humatheme.com/public/js/toggle-check-all.js]
[luma.humatheme.com/public/js/check-selected-row.js]
[luma.humatheme.com/Demos/Compact_App_Layout/student-dashboard.html]
[luma.humatheme.com/public/images/paths/typescript_892x286.png]
[luma.humatheme.com/public/images/paths/angular_testing_430x168.png]
[luma.humatheme.com/public/images/paths/angular_routing_430x168.png]
[luma.humatheme.com/public/images/paths/angular_services_430x168.png]
[luma.humatheme.com/public/images/paths/angular_patterns_430x168.png]
[luma.humatheme.com/Demos/Compact_App_Layout/student-my-courses.html]
[luma.humatheme.com/public/images/paths/angular_routing_200x168.png]
[luma.humatheme.com/public/images/paths/angular_testing_200x168.png]
[luma.humatheme.com/public/images/paths/mailchimp_200x168.png]
[luma.humatheme.com/public/images/paths/xd_200x168.png]
[luma.humatheme.com/public/images/paths/craft_200x168.png]
[luma.humatheme.com/Demos/Compact_App_Layout/student-quiz-results.html]
[luma.humatheme.com/Demos/Compact_App_Layout/help-center.html]
[luma.humatheme.com/Demos/Compact_App_Layout/paths.html]
[luma.humatheme.com/public/images/paths/angular_96x96.png]
[luma.humatheme.com/Demos/Compact_App_Layout/student-path.html]
[luma.humatheme.com/Demos/Compact_App_Layout/student-path-assessment.html]
[luma.humatheme.com/Demos/Compact_App_Layout/student-path-assessment-result.html]
[luma.humatheme.com/Demos/Compact_App_Layout/student-paths.html]
[luma.humatheme.com/Demos/Compact_App_Layout/pricing.html]
[luma.humatheme.com/public/js/chartjs-rounded-bar.js]
[luma.humatheme.com/public/js/page.instructor-dashboard.js]
[luma.humatheme.com/Demos/Compact_App_Layout/instructor-dashboard.html]
[luma.humatheme.com/Demos/Compact_App_Layout/instructor-courses.html]
[luma.humatheme.com/Demos/Compact_App_Layout/instructor-quizzes.html]
[luma.humatheme.com/Demos/Compact_App_Layout/instructor-earnings.html]
[luma.humatheme.com/public/js/page.instructor-earnings.js]
[luma.humatheme.com/Demos/Compact_App_Layout/instructor-statement.html]
[luma.humatheme.com/public/vendor/quill.min.js]
[luma.humatheme.com/public/js/quill.js]
[luma.humatheme.com/public/vendor/select2/select2.min.js]
[luma.humatheme.com/public/js/select2.js]
[luma.humatheme.com/Demos/Compact_App_Layout/instructor-edit-course.html]
[luma.humatheme.com/public/js/hljs.js]
[luma.humatheme.com/Demos/Compact_App_Layout/instructor-edit-quiz.html]
[luma.humatheme.com/public/images/people/110/guy-1.jpg]
[luma.humatheme.com/public/images/people/110/guy-2.jpg]
[luma.humatheme.com/public/images/paths/swift_200x168.png]
[luma.humatheme.com/public/images/people/110/woman-1.jpg]
[luma.humatheme.com/public/images/paths/wordpress_200x168.png]
[luma.humatheme.com/public/images/people/110/woman-2.jpg]
[luma.humatheme.com/public/images/people/110/guy-3.jpg]
[luma.humatheme.com/public/images/paths/react_200x168.png]
[luma.humatheme.com/public/images/people/110/woman-3.jpg]
[luma.humatheme.com/Demos/Compact_App_Layout/teachers.html]
[luma.humatheme.com/public/images/stories/256_rsz_phil-hearing-769014-unsplash.jpg]
[luma.humatheme.com/Demos/Compact_App_Layout/student-profile.html]
[luma.humatheme.com/public/js/page.student-profile.js]
[luma.humatheme.com/Demos/Compact_App_Layout/teacher-profile.html]
[luma.humatheme.com/public/images/1280_work-station-straight-on-view.jpg]
[luma.humatheme.com/public/images/paths/photoshop_200x168.png]
[luma.humatheme.com/public/images/256_joao-silas-636453-unsplash.jpg]
[luma.humatheme.com/public/images/256_jeremy-banks-798787-unsplash.jpg]
[luma.humatheme.com/public/images/256_daniel-gaffey-1060698-unsplash.jpg]
[luma.humatheme.com/public/images/paths/sketch_200x168.png]
[luma.humatheme.com/Demos/Compact_App_Layout/blog.html]
[luma.humatheme.com/Demos/Compact_App_Layout/blog-post.html]
[luma.humatheme.com/Demos/Compact_App_Layout/faq.html]
[luma.humatheme.com/Demos/Compact_App_Layout/discussions.html]
[luma.humatheme.com/public/images/people/50/guy-1.jpg]
[luma.humatheme.com/public/images/people/50/guy-2.jpg]
[luma.humatheme.com/public/images/people/50/woman-1.jpg]
[luma.humatheme.com/public/images/people/256/256_rsz_nicolas-horn-689011-unsplash.jpg]
[luma.humatheme.com/public/images/people/256/256_rsz_sharina-mae-agellon-377466-unsplash.jpg]
[luma.humatheme.com/Demos/Compact_App_Layout/discussion.html]
[luma.humatheme.com/public/images/people/256/256_rsz_karl-s-973833-unsplash.jpg]
[luma.humatheme.com/Demos/Compact_App_Layout/discussions-ask.html]
[luma.humatheme.com/Demos/Compact_App_Layout/login.html]
[luma.humatheme.com/Demos/Compact_App_Layout/signup.html]
[luma.humatheme.com/Demos/Compact_App_Layout/edit-account.html]
[luma.humatheme.com/Demos/Compact_App_Layout/billing.html]
[luma.humatheme.com/Demos/Compact_App_Layout/billing-history.html]
[luma.humatheme.com/public/js/page.erp-dashboard.js]
[luma.humatheme.com/Demos/Compact_App_Layout/erp-dashboard.html]
[luma.humatheme.com/public/js/page.crm-dashboard.js]
[luma.humatheme.com/Demos/Compact_App_Layout/crm-dashboard.html]
[luma.humatheme.com/public/js/page.hr-dashboard.js]
[luma.humatheme.com/Demos/Compact_App_Layout/hr-dashboard.html]
[luma.humatheme.com/public/js/page.employees.js]
[luma.humatheme.com/Demos/Compact_App_Layout/employees.html]
[luma.humatheme.com/public/js/page.staff.js]
[luma.humatheme.com/Demos/Compact_App_Layout/staff.html]
[luma.humatheme.com/Demos/Compact_App_Layout/leaves.html]
[luma.humatheme.com/Demos/Compact_App_Layout/departments.html]
[luma.humatheme.com/public/images/stories/256_rsz_jared-rice-388260-unsplash.jpg]
[luma.humatheme.com/Demos/Compact_App_Layout/projects.html]
[luma.humatheme.com/public/js/page.projects.js]
[luma.humatheme.com/public/images/stories/256_rsz_dex-ezekiel-761373-unsplash.jpg]
[luma.humatheme.com/public/js/page.tasks-board.js]
[luma.humatheme.com/Demos/Compact_App_Layout/tasks-board.html]
[luma.humatheme.com/Demos/Compact_App_Layout/tasks-list.html]
[luma.humatheme.com/Demos/Compact_App_Layout/kanban.html]
[luma.humatheme.com/Demos/Compact_App_Layout/cms-dashboard.html]
[luma.humatheme.com/Demos/Compact_App_Layout/posts.html]
[luma.humatheme.com/public/js/page.ecommerce.js]
[luma.humatheme.com/Demos/Compact_App_Layout/ecommerce.html]
[luma.humatheme.com/Demos/Compact_App_Layout/edit-product.html]
[luma.humatheme.com/Demos/Compact_App_Layout/signup-payment.html]
[luma.humatheme.com/Demos/Compact_App_Layout/reset-password.html]
[luma.humatheme.com/Demos/Compact_App_Layout/change-password.html]
[luma.humatheme.com/Demos/Compact_App_Layout/edit-account-profile.html]
[luma.humatheme.com/Demos/Compact_App_Layout/edit-account-notifications.html]
[luma.humatheme.com/Demos/Compact_App_Layout/edit-account-password.html]
[luma.humatheme.com/Demos/Compact_App_Layout/billing-upgrade.html]
[luma.humatheme.com/Demos/Compact_App_Layout/billing-payment.html]
[luma.humatheme.com/Demos/Compact_App_Layout/billing-invoice.html]
[luma.humatheme.com/public/images/people/50/woman-5.jpg]
[luma.humatheme.com/public/images/people/50/woman-2.jpg]
[luma.humatheme.com/public/images/people/50/woman-3.jpg]
[luma.humatheme.com/public/js/messages.js]
[luma.humatheme.com/Demos/Compact_App_Layout/messages.html]
[luma.humatheme.com/Demos/Compact_App_Layout/email.html]
[luma.humatheme.com/Demos/Compact_App_Layout/ui-buttons.html]
[luma.humatheme.com/public/images/people/256/256_rsz_florian-perennes-594195-unsplash.jpg]
[luma.humatheme.com/public/images/people/256/256_rsz_james-gillespie-714755-unsplash.jpg]
[luma.humatheme.com/public/images/people/256/256_rsz_90-jiang-640827-unsplash.jpg]
[luma.humatheme.com/Demos/Compact_App_Layout/ui-avatars.html]
[luma.humatheme.com/public/images/256_rsz_nicolas-horn-689011-unsplash.jpg]
[luma.humatheme.com/public/images/256_rsz_clem-onojeghuo-150467-unsplash.jpg]
[luma.humatheme.com/public/vendor/jquery.bootstrap-touchspin.js]
[luma.humatheme.com/public/js/touchspin.js]
[luma.humatheme.com/public/vendor/daterangepicker.js]
[luma.humatheme.com/public/js/daterangepicker.js]
[luma.humatheme.com/public/vendor/jquery.mask.min.js]
[luma.humatheme.com/Demos/Compact_App_Layout/ui-forms.html]
[luma.humatheme.com/Demos/Compact_App_Layout/ui-loaders.html]
[luma.humatheme.com/Demos/Compact_App_Layout/ui-tables.html]
[luma.humatheme.com/Demos/Compact_App_Layout/ui-cards.html]
[luma.humatheme.com/public/vendor/vue.min.js]
[luma.humatheme.com/public/js/app-icons.js]
[luma.humatheme.com/Demos/Compact_App_Layout/ui-icons.html]
[luma.humatheme.com/Demos/Compact_App_Layout/ui-tabs.html]
[luma.humatheme.com/Demos/Compact_App_Layout/ui-alerts.html]
[luma.humatheme.com/Demos/Compact_App_Layout/ui-badges.html]
[luma.humatheme.com/Demos/Compact_App_Layout/ui-progress.html]
[luma.humatheme.com/Demos/Compact_App_Layout/ui-pagination.html]
[luma.humatheme.com/public/js/page.ui-charts.js]
[luma.humatheme.com/Demos/Compact_App_Layout/ui-plugin-charts.html]
[luma.humatheme.com/Demos/Compact_App_Layout/ui-plugin-flatpickr.html]
[luma.humatheme.com/Demos/Compact_App_Layout/ui-plugin-daterangepicker.html]
[luma.humatheme.com/public/images/stories/256_rsz_thomas-russell-751613-unsplash.jpg]
[luma.humatheme.com/public/images/256_rsz_sharina-mae-agellon-377466-unsplash.jpg]
[luma.humatheme.com/public/images/stories/256_rsz_ross-sneddon-798476-unsplash.jpg]
[luma.humatheme.com/public/images/256_rsz_florian-perennes-594195-unsplash.jpg]
[luma.humatheme.com/public/images/256_rsz_karl-s-973833-unsplash.jpg]
[luma.humatheme.com/public/images/256_rsz_90-jiang-640827-unsplash.jpg]
[luma.humatheme.com/public/images/256_rsz_james-gillespie-714755-unsplash.jpg]
[luma.humatheme.com/public/vendor/dragula/dragula.min.js]
[luma.humatheme.com/public/js/dragula.js]
[luma.humatheme.com/Demos/Compact_App_Layout/ui-plugin-dragula.html]
[luma.humatheme.com/public/vendor/dropzone.min.js]
[luma.humatheme.com/public/js/dropzone.js]
[luma.humatheme.com/Demos/Compact_App_Layout/ui-plugin-dropzone.html]
[luma.humatheme.com/public/vendor/ion.rangeSlider.min.js]
[luma.humatheme.com/Demos/Compact_App_Layout/ui-plugin-range-sliders.html]
[luma.humatheme.com/public/js/ion-rangeslider.js]
[luma.humatheme.com/Demos/Compact_App_Layout/ui-plugin-quill.html]
[luma.humatheme.com/Demos/Compact_App_Layout/ui-plugin-select2.html]
[luma.humatheme.com/public/vendor/jquery.nestable.js]
[luma.humatheme.com/Demos/Compact_App_Layout/ui-plugin-nestable.html]
[luma.humatheme.com/public/js/nestable.js]
[cdn.jsdelivr.net/jquery.ui/1.11.4/jquery-ui.min.js]
[luma.humatheme.com/public/vendor/jquery.fancytree-all.min.js]
[luma.humatheme.com/public/js/fancytree.js]
[luma.humatheme.com/Demos/Compact_App_Layout/ui-plugin-fancytree.html]
[luma.humatheme.com/public/vendor/jquery.jvectormap.min.js]
[luma.humatheme.com/public/data/vector-maps/custom/jquery-jvectormap-world-mill-en.js]
[luma.humatheme.com/public/data/vector-maps/custom/jquery-jvectormap-de-merc-en.js]
[luma.humatheme.com/public/data/vector-maps/custom/jquery-jvectormap-es-merc-en.js]
[luma.humatheme.com/public/data/vector-maps/custom/jquery-jvectormap-fr-merc-en.js]
[luma.humatheme.com/public/data/vector-maps/custom/jquery-jvectormap-us-aea-en.js]
[luma.humatheme.com/public/data/vector-maps/custom/jquery-jvectormap-us-lcc-en.js]
[luma.humatheme.com/public/data/vector-maps/custom/mall-map.js]
[luma.humatheme.com/public/data/vector-maps/data/gdp-data.js]
[luma.humatheme.com/public/js/jvectormap.js]
[luma.humatheme.com/Demos/Compact_App_Layout/ui-plugin-maps-vector.html]
[luma.humatheme.com/public/vendor/sweetalert.min.js]
[luma.humatheme.com/public/js/sweetalert.js]
[luma.humatheme.com/Demos/Compact_App_Layout/ui-plugin-sweet-alert.html]
[luma.humatheme.com/public/vendor/toastr.min.js]
[luma.humatheme.com/public/js/toastr.js]
[luma.humatheme.com/Demos/Compact_App_Layout/ui-plugin-toastr.html]
[luma.humatheme.com/public/images/marker/blue.png]
[luma.humatheme.com/Demos/Compact_App_Layout/course.html]
[luma.humatheme.com/Demos/Compact_App_Layout/public/images/paths/angular_routing_200x168.png]
[luma.humatheme.com/Demos/Compact_App_Layout/public/images/paths/angular_testing_200x168.png]
[luma.humatheme.com/Demos/Compact_App_Layout/library-development.html]
[luma.humatheme.com/Demos/Compact_App_Layout/lesson.html]
[luma.humatheme.com/Demos/Compact_App_Layout/public/images/illustration/player.svg]
[luma.humatheme.com/Demos/Compact_App_Layout/invoice.html]
[luma.humatheme.com/Demos/Compact_App_Layout/profile.html]
[luma.humatheme.com/public/css/flatpickr.css]
[luma.humatheme.com/public/css/flatpickr-airbnb.css]
[luma.humatheme.com/public/css/quill.css]
[luma.humatheme.com/public/vendor/select2/select2.min.css]
[luma.humatheme.com/public/css/select2.css]
[luma.humatheme.com/Demos/Compact_App_Layout/public/images/paths/typescript_200x168.png]
[luma.humatheme.com/Demos/Compact_App_Layout/public/images/paths/angular_200x168.png]
[luma.humatheme.com/public/vendor/daterangepicker.css]
[luma.humatheme.com/public/css/bootstrap-touchspin.css]
[luma.humatheme.com/Demos/Compact_App_Layout/public/images/people/110/guy-1.jpg]
[luma.humatheme.com/Demos/Compact_App_Layout/public/images/people/110/guy-2.jpg]
[luma.humatheme.com/Demos/Compact_App_Layout/public/images/people/110/guy-3.jpg]
[luma.humatheme.com/Demos/Compact_App_Layout/public/images/people/256/256_rsz_nicolas-horn-689011-unsplash.jpg]
[luma.humatheme.com/Demos/Compact_App_Layout/public/images/people/256/256_rsz_sharina-mae-agellon-377466-unsplash.jpg]
[luma.humatheme.com/Demos/Compact_App_Layout/public/images/people/256/256_rsz_90-jiang-640827-unsplash.jpg]
[luma.humatheme.com/Demos/Compact_App_Layout/public/images/people/256/256_rsz_karl-s-973833-unsplash.jpg]
[luma.humatheme.com/Demos/Compact_App_Layout/public/images/paths/angular_430x168.png]
[luma.humatheme.com/Demos/Compact_App_Layout/public/images/paths/angular_40x40@2x.png]
[luma.humatheme.com/Demos/Compact_App_Layout/public/images/paths/swift_430x168.png]
[luma.humatheme.com/Demos/Compact_App_Layout/public/images/paths/swift_40x40@2x.png]
[luma.humatheme.com/Demos/Compact_App_Layout/public/images/paths/wordpress_430x168.png]
[luma.humatheme.com/Demos/Compact_App_Layout/public/images/paths/wordpress_40x40@2x.png]
[luma.humatheme.com/Demos/Compact_App_Layout/public/images/paths/react_430x168.png]
[luma.humatheme.com/Demos/Compact_App_Layout/public/images/paths/react_40x40@2x.png]
[luma.humatheme.com/Demos/Compact_App_Layout/public/images/paths/sketch_430x168.png]
[luma.humatheme.com/Demos/Compact_App_Layout/public/images/paths/sketch_40x40@2x.png]
[luma.humatheme.com/Demos/Compact_App_Layout/public/images/paths/flinto_430x168.png]
[luma.humatheme.com/Demos/Compact_App_Layout/public/images/paths/flinto_40x40@2x.png]
[luma.humatheme.com/Demos/Compact_App_Layout/public/images/paths/photoshop_430x168.png]
[luma.humatheme.com/Demos/Compact_App_Layout/public/images/paths/photoshop_40x40@2x.png]
[luma.humatheme.com/Demos/Compact_App_Layout/public/images/paths/mailchimp_430x168.png]
[luma.humatheme.com/Demos/Compact_App_Layout/public/images/paths/mailchimp_40x40@2x.png]
[luma.humatheme.com/Demos/Compact_App_Layout/undefinedstudent-path.html]
[luma.humatheme.com/public/vendor/dragula/dragula.min.css]
[luma.humatheme.com/public/css/dropzone.css]
[luma.humatheme.com/public/css/ion-rangeslider.css]
[luma.humatheme.com/public/css/nestable.css]
[luma.humatheme.com/Demos/Compact_App_Layout/assets/css/fancytree.css]
[luma.humatheme.com/public/vendor/jquery-jvectormap.css]
[luma.humatheme.com/public/css/jvectormap.css]
[luma.humatheme.com/public/css/sweetalert.css]
[luma.humatheme.com/public/vendor/toastr.min.css]
[luma.humatheme.com/public/css/toastr.css]
